﻿[36mvite v7.3.1 [32mbuilding client environment for production...[36m[39m
transforming...
[32mΓ£ô[39m 2177 modules transformed.
node.exe : [31mΓ£ù[39m Build 
failed in 22.49s
At line:1 char:1
+ & "C:\Program 
Files\nodejs/node.exe" 
"C:\Program 
Files\nodejs/node_mo ...
+ ~~~~~~~~~~~~~~~~~~~~~~~~~~~~~~
~~~~~~~~~~~~~~~~~~~~~~~~~~~~~~~~
~~~~~~~
    + CategoryInfo          : N 
   otSpecified: ([31mΓ£ù[39m  
   Build failed in 22.49s:Str   
 ing) [], RemoteException
    + FullyQualifiedErrorId : N 
   ativeCommandError
 
[31merror during build:
[31msrc/pages/About.jsx 
(3:45): "FaShoppingBag" is not 
exported by "node_modules/react-
icons/fa6/index.mjs", imported 
by "src/pages/About.jsx".[31m
file: [36mD:/react-old/rcsweb/f
rontend/src/pages/About.jsx:3:45
[31m
[33m
1: import { Link } from 
'react-router-dom';
2: import { TiMessages } from 
"react-icons/ti";
3: import { FaShareNodes, 
FaLaptop, FaDatabase, 
FaShoppingBag, 
FaRegHandPointRight, 
FaLongArrowAltRight } from 
"react-ic...
                                
                ^
4: import { CiCamera } from 
"react-icons/ci";
5: import { motion } from 
'framer-motion';
[31m
    at getRollupError (file:///D
:/react-old/rcsweb/frontend/node
_modules/rollup/dist/es/shared/p
arseAst.js:402:41)
    at error (file:///D:/react-o
ld/rcsweb/frontend/node_modules/
rollup/dist/es/shared/parseAst.j
s:398:42)
    at Module.error (file:///D:/
react-old/rcsweb/frontend/node_m
odules/rollup/dist/es/shared/nod
e-entry.js:17040:16)
    at Module.traceVariable (fil
e:///D:/react-old/rcsweb/fronten
d/node_modules/rollup/dist/es/sh
ared/node-entry.js:17452:29)
    at ModuleScope.findVariable 
(file:///D:/react-old/rcsweb/fro
ntend/node_modules/rollup/dist/e
s/shared/node-entry.js:15070:39)
    at 
ReturnValueScope.findVariable (f
ile:///D:/react-old/rcsweb/front
end/node_modules/rollup/dist/es/
shared/node-entry.js:5673:38)
    at 
FunctionBodyScope.findVariable (
file:///D:/react-old/rcsweb/fron
tend/node_modules/rollup/dist/es
/shared/node-entry.js:5673:38)
    at Identifier.bind (file:///
D:/react-old/rcsweb/frontend/nod
e_modules/rollup/dist/es/shared/
node-entry.js:5447:40)
    at CallExpression.bind (file
:///D:/react-old/rcsweb/frontend
/node_modules/rollup/dist/es/sha
red/node-entry.js:2825:28)
    at CallExpression.bind (file
:///D:/react-old/rcsweb/frontend
/node_modules/rollup/dist/es/sha
red/node-entry.js:12179:15)[39m
